exports[`test parse() should returned parsed component 1`] = `
Object {
  "customBlocks": Array [],
  "script": null,
  "styles": Array [
    Object {
      "attrs": Object {
        "lang": "css",
      },
      "content": "",
      "end": 18,
      "lang": "css",
      "start": 18,
      "type": "style",
    },
  ],
  "template": null,
}
`;
